2026-07-08 22:20:43,676 - root - INFO - [Tools API] GET /scenario/all params={}
2026-07-08 22:20:43,775 - root - INFO - [Scenario 08e221e5-3ed8-42ed-b7b3-0fd9dfd8d99e] attempt 1/1
2026-07-08 22:20:43,781 - root - INFO - [Tools API] GET /tools params={}
2026-07-08 22:20:43,781 - root - INFO - 
[Scenario: 08e221e5-3ed8-42ed-b7b3-0fd9dfd8d99e] Investigator round 1, calling tools:
2026-07-08 22:20:53,983 - httpx - INFO - HTTP Request: POST https://api.tokenfactory.nebius.com/v1/chat/completions "HTTP/1.1 200 OK"
2026-07-08 22:20:53,990 - root - INFO - [Request tool call chatcmpl-tool-9d6f090d1ec59c42] function get_throughput_logs()
2026-07-08 22:20:53,990 - root - INFO - [95m[Executing tool call chatcmpl-tool-9d6f090d1ec59c42] function get_throughput_logs()[0m
2026-07-08 22:20:54,007 - root - INFO - [Tools API] GET /throughput-logs params={}
2026-07-08 22:20:54,007 - root - INFO - [95m[Tool result] {"Logs": "Timestamp|5G KPI PCell Layer2 MAC DL Throughput [Mbps]\n2024-09-20 22:21:31.944|520.9\n2024-09-20 22:21:32.210|552.14\n2024-09-20 22:21:33.676|393.59\n2024-09-20 22:21:34.362|81.73\n2024-09-20 22:21:35.701|37.22\n2024-09-20 22:21:36.226|62.04\n2024-09-20 22:21:37.967|25.61\n2024-09-20 22:21:38.260|59.12\n2024-09-20 22:21:39.204|47.99\n2024-09-20 22:21:40.781|591.14\n2024-09-20 22:21:41.981|340.47\n2024-09-20 22:21:42.696|399.52\n"} [0m
2026-07-08 22:20:54,007 - root - INFO - 
[Scenario: 08e221e5-3ed8-42ed-b7b3-0fd9dfd8d99e] Investigator round 2, calling tools:
2026-07-08 22:20:54,954 - httpx - INFO - HTTP Request: POST https://api.tokenfactory.nebius.com/v1/chat/completions "HTTP/1.1 200 OK"
2026-07-08 22:20:54,956 - root - INFO - [Request tool call chatcmpl-tool-b15334f64e403aaf] function get_serving_cell_pci(time=2024-09-20 22:21:35.701)
2026-07-08 22:20:54,956 - root - INFO - [95m[Executing tool call chatcmpl-tool-b15334f64e403aaf] function get_serving_cell_pci(time=2024-09-20 22:21:35.701)[0m
2026-07-08 22:20:54,967 - root - INFO - [Tools API] GET /serving-cell-pci params={'time': '2024-09-20 22:21:35.701'}
2026-07-08 22:20:54,967 - root - INFO - [95m[Tool result] {"PCI": 166} [0m
2026-07-08 22:20:54,967 - root - INFO - 
[Scenario: 08e221e5-3ed8-42ed-b7b3-0fd9dfd8d99e] Investigator round 3, calling tools:
2026-07-08 22:20:55,985 - httpx - INFO - HTTP Request: POST https://api.tokenfactory.nebius.com/v1/chat/completions "HTTP/1.1 200 OK"
2026-07-08 22:20:55,987 - root - INFO - [Request tool call chatcmpl-tool-882f2b480461062a] function get_serving_cell_rsrp(time=2024-09-20 22:21:35.701)
2026-07-08 22:20:55,987 - root - INFO - [95m[Executing tool call chatcmpl-tool-882f2b480461062a] function get_serving_cell_rsrp(time=2024-09-20 22:21:35.701)[0m
2026-07-08 22:20:55,999 - root - INFO - [Tools API] GET /serving-cell-rsrp params={'time': '2024-09-20 22:21:35.701'}
2026-07-08 22:20:56,000 - root - INFO - [95m[Tool result] {"SS-RSRP (dBm)": -81.19} [0m
2026-07-08 22:20:56,000 - root - INFO - 
[Scenario: 08e221e5-3ed8-42ed-b7b3-0fd9dfd8d99e] Investigator round 4, calling tools:
2026-07-08 22:20:57,260 - httpx - INFO - HTTP Request: POST https://api.tokenfactory.nebius.com/v1/chat/completions "HTTP/1.1 200 OK"
2026-07-08 22:20:57,262 - root - INFO - [Request tool call chatcmpl-tool-90f6a1896ac90eb7] function get_serving_cell_sinr(time=2024-09-20 22:21:35.701)
2026-07-08 22:20:57,262 - root - INFO - [95m[Executing tool call chatcmpl-tool-90f6a1896ac90eb7] function get_serving_cell_sinr(time=2024-09-20 22:21:35.701)[0m
2026-07-08 22:20:57,283 - root - INFO - [Tools API] GET /serving-cell-sinr params={'time': '2024-09-20 22:21:35.701'}
2026-07-08 22:20:57,283 - root - INFO - [95m[Tool result] {"SS-SINR (dB)": 1.45} [0m
2026-07-08 22:20:57,283 - root - INFO - 
[Scenario: 08e221e5-3ed8-42ed-b7b3-0fd9dfd8d99e] Investigator round 5, calling tools:
2026-07-08 22:20:58,283 - httpx - INFO - HTTP Request: POST https://api.tokenfactory.nebius.com/v1/chat/completions "HTTP/1.1 200 OK"
2026-07-08 22:20:58,284 - root - INFO - [Request tool call chatcmpl-tool-9a07ffe6e27a05b5] function get_serving_cell_pci(time=2024-09-20 22:21:35.701)
2026-07-08 22:20:58,284 - root - INFO - [95m[Executing tool call chatcmpl-tool-9a07ffe6e27a05b5] function get_serving_cell_pci(time=2024-09-20 22:21:35.701)[0m
2026-07-08 22:20:58,290 - root - INFO - [Tools API] GET /serving-cell-pci params={'time': '2024-09-20 22:21:35.701'}
2026-07-08 22:20:58,291 - root - INFO - [95m[Tool result] {"PCI": 166} [0m
2026-07-08 22:20:58,291 - root - INFO - 
[Scenario: 08e221e5-3ed8-42ed-b7b3-0fd9dfd8d99e] Investigator round 6, calling tools:
2026-07-08 22:20:59,307 - httpx - INFO - HTTP Request: POST https://api.tokenfactory.nebius.com/v1/chat/completions "HTTP/1.1 200 OK"
2026-07-08 22:20:59,308 - root - INFO - [Request tool call chatcmpl-tool-8b39897d0f8ebb4d] function get_neighboring_cells_pci(time=2024-09-20 22:21:35.701)
2026-07-08 22:20:59,308 - root - INFO - [95m[Executing tool call chatcmpl-tool-8b39897d0f8ebb4d] function get_neighboring_cells_pci(time=2024-09-20 22:21:35.701)[0m
2026-07-08 22:20:59,315 - root - INFO - [Tools API] GET /neighboring-cells-pci params={'time': '2024-09-20 22:21:35.701'}
2026-07-08 22:20:59,315 - root - INFO - [95m[Tool result] {"PCIs": [966, 420, 362]} [0m
2026-07-08 22:20:59,315 - root - INFO - 
[Scenario: 08e221e5-3ed8-42ed-b7b3-0fd9dfd8d99e] Investigator round 7, calling tools:
2026-07-08 22:21:00,230 - httpx - INFO - HTTP Request: POST https://api.tokenfactory.nebius.com/v1/chat/completions "HTTP/1.1 200 OK"
2026-07-08 22:21:00,232 - root - INFO - [Request tool call chatcmpl-tool-81be9f27c35e5d09] function get_neighboring_cell_rsrp(time=2024-09-20 22:21:35.701, pci=966)
2026-07-08 22:21:00,232 - root - INFO - [95m[Executing tool call chatcmpl-tool-81be9f27c35e5d09] function get_neighboring_cell_rsrp(time=2024-09-20 22:21:35.701, pci=966)[0m
2026-07-08 22:21:00,251 - root - INFO - [Tools API] GET /neighboring-cell-rsrp params={'time': '2024-09-20 22:21:35.701', 'pci': 966}
2026-07-08 22:21:00,251 - root - INFO - [95m[Tool result] {"Filtered Tx BRSRP [dBm]": -83.0} [0m
2026-07-08 22:21:00,251 - root - INFO - 
[Scenario: 08e221e5-3ed8-42ed-b7b3-0fd9dfd8d99e] Investigator round 8, calling tools:
2026-07-08 22:21:01,250 - httpx - INFO - HTTP Request: POST https://api.tokenfactory.nebius.com/v1/chat/completions "HTTP/1.1 200 OK"
2026-07-08 22:21:01,252 - root - INFO - [Request tool call chatcmpl-tool-a2a23f689f16d45a] function get_neighboring_cell_rsrp(time=2024-09-20 22:21:35.701, pci=420)
2026-07-08 22:21:01,252 - root - INFO - [95m[Executing tool call chatcmpl-tool-a2a23f689f16d45a] function get_neighboring_cell_rsrp(time=2024-09-20 22:21:35.701, pci=420)[0m
2026-07-08 22:21:01,261 - root - INFO - [Tools API] GET /neighboring-cell-rsrp params={'time': '2024-09-20 22:21:35.701', 'pci': 420}
2026-07-08 22:21:01,261 - root - INFO - [95m[Tool result] {"Filtered Tx BRSRP [dBm]": -85.0} [0m
2026-07-08 22:21:01,261 - root - INFO - 
[Scenario: 08e221e5-3ed8-42ed-b7b3-0fd9dfd8d99e] Investigator round 9, calling tools:
2026-07-08 22:21:02,124 - httpx - INFO - HTTP Request: POST https://api.tokenfactory.nebius.com/v1/chat/completions "HTTP/1.1 200 OK"
2026-07-08 22:21:02,125 - root - INFO - [Request tool call chatcmpl-tool-a535d28097cbaf00] function get_neighboring_cell_rsrp(time=2024-09-20 22:21:35.701, pci=362)
2026-07-08 22:21:02,125 - root - INFO - [95m[Executing tool call chatcmpl-tool-a535d28097cbaf00] function get_neighboring_cell_rsrp(time=2024-09-20 22:21:35.701, pci=362)[0m
2026-07-08 22:21:02,134 - root - INFO - [Tools API] GET /neighboring-cell-rsrp params={'time': '2024-09-20 22:21:35.701', 'pci': 362}
2026-07-08 22:21:02,134 - root - INFO - [95m[Tool result] {"Filtered Tx BRSRP [dBm]": -85.0} [0m
2026-07-08 22:21:02,134 - root - INFO - 
[Scenario: 08e221e5-3ed8-42ed-b7b3-0fd9dfd8d99e] Investigator round 10, calling tools:
2026-07-08 22:21:02,607 - httpx - INFO - HTTP Request: POST https://api.tokenfactory.nebius.com/v1/chat/completions "HTTP/1.1 200 OK"
2026-07-08 22:21:02,608 - root - INFO - [Request tool call chatcmpl-tool-a6d31a1cc8a95658] function get_cell_info(pci=166)
2026-07-08 22:21:02,608 - root - INFO - [95m[Executing tool call chatcmpl-tool-a6d31a1cc8a95658] function get_cell_info(pci=166)[0m
2026-07-08 22:21:02,616 - root - INFO - [Tools API] GET /cell-info params={'pci': 166}
2026-07-08 22:21:02,616 - root - INFO - [95m[Tool result] {"gNodeB ID": 3239249, "Cell ID": 3, "Longitude": 121.4713147472, "Latitude": 31.1447758717, "Mechanical Azimuth": 67, "Mechanical Downtilt": 3, "Digital Tilt": 11, "Height": 45.9, "Duplex Mode": "TDD", "PCI": 166, "Band": "n41", "DL ARFCN": 504990, "BW [MHz]": "100M", "TxRx Mode": "64T64R", "Transmission Power": 16, "ARFCN": 504990, "InterFreqHoEventType": "EVENT_A5", "CovInterFreqA2RsrpThld [dBm]": -105, "InterFreqA2Hyst [0.5dB]": 2, "CovInterFreqA5RsrpThld1 [dBm]": -105, "CovInterFreqA5RsrpThld2 [dBm]": -100, "IntraFreqHoA3Offset [0.5dB]": 2, "IntraFreqHoA3Hyst [0.5dB]": 2, "IntraFreqHoA3TimeToTrig": "ms320", "PCell Neighbor Cell (gNodeBID_ARFCN_PCI)": "[3279943_504990_420,3267220_504990_966,3239189_504990_362,3272070_504990_240]", "PdcchOccupiedSymbolNum": "1SYM", "Digital Azimuth": 0, "Max Transmit Power": 32, "notes": ""} [0m
2026-07-08 22:21:02,616 - root - INFO - 
[Scenario: 08e221e5-3ed8-42ed-b7b3-0fd9dfd8d99e] Investigator forcing structured evidence report:
2026-07-08 22:21:14,058 - httpx - INFO - HTTP Request: POST https://api.tokenfactory.nebius.com/v1/chat/completions "HTTP/1.1 200 OK"
2026-07-08 22:22:09,354 - httpx - INFO - HTTP Request: POST https://api.tokenfactory.nebius.com/v1/chat/completions "HTTP/1.1 200 OK"
2026-07-08 22:22:09,356 - root - INFO - [31;1m[Agent response] The investigator report identifies late or failed handover due to misconfigured inter-frequency A5 thresholds, with A5RsrpThld1 set too high (-105 dBm), preventing timely handover despite the serving cell's poor SINR and only a 1.81 dB RSRP gap to a strong neighbor. The neighbor (3267220_966) is present but the thresholds are not triggering handover. Adjusting the A5 thresholds to lower values would allow earlier handover.

Additionally, the azimuths of serving and neighbor cells match (67°), and tilt is moderate, but the small RSRP gap suggests potential coverage overlap. However, no antenna misalignment is indicated; the issue is threshold-based. The report excludes transmission, power, and antenna issues, and confirms PDCCH is properly configured.

Thus, the correct actions are:
- C5: Decrease CovInterFreqA2RsrpThld and CovInterFreqA5RsrpThld1 thresholds for 3267220_966 (the neighbor), which is consistent with the A5 misconfiguration.
- C4: Check test server and transmission issues — excluded by report (throughput recovered quickly, no evidence of test server issue).
- However, C4 is explicitly excluded. So not valid.

Rechecking: The issue is A5 thresholds for **inter-frequency** and the neighbor is 3267220_966. The option C5 adjusts thresholds for **3279943_1**, which is not the serving or neighbor. That does not match.

Wait: the report says the serving cell is 3239249_166, neighbor is 3267220_966. None of the options refer to 3267220_966. The options list 3267220_2, 3279943_1, etc. This suggests the cell IDs may be mislabeled or the options are for different cells.

But the investigator evidence focuses on 3267220_966 and 3239249_166.

Looking at the options:
- C5 and C7 are for 3279943_1 and 3267220_2, which are not in the report.

This suggests a mismatch. However, the report states the neighbor is 3267220_966. But no option uses that. Perhaps the options are referring to nearby cells.

But in the evidence, it says: "The serving cell (3239249_166) has a strong inter-frequency neighbor (3267220_966)".

Now look at the options: C1: Add neighbor relationship between 3267220_2 and 3279943_1 — not relevant.

But C5: Decrease CovInterFreqA2RsrpThld and CovInterFreqA5RsrpThld1 thresholds for 3279943_1 — this is a different cell.

Unless there is a mismatch in cell IDs.

But the report says A5 thresholds are misconfigured for the serving cell (3239249_166), but no option refers to that cell.

Option C9: Modify PdcchOccupiedSymbolNum to 2SYM for 3279943_1 — not relevant, as the report says PDCCH is already correct (1SYM), and no congestion.

Option C4: Check test server and transmission issues — explicitly excluded.

The only logical action is to adjust the A5 thresholds, but the correct cell is not listed in the options.

But wait: the report says the neighbor is 3267220_966, but the options reference 3267220_2 and 3279943_1.

Possibly, the cell IDs in the options are not matching the evidence, or are typoed.

But we must use only the supplied options.

The report explicitly states: "The A5 threshold is not suitable as it only activates when the serving cell degrades significantly, but here the serving cell is already weak and the neighbor is only slightly weaker. This suggests the neighbor might be underutilized, but the triggering thresholds are not aligned with timely handover."

The fix is to lower the A5 thresholds. But the option C5 is for 3279943_1, not 3267220_966.

Similarly, C7 is for 3267220_2.

But we have no option for 3267220_966.

Unless the cell 3267220_2 is a typo for 3267220_966? Unlikely.

Alternatively, the report might have a typo, but we cannot assume that.

Another possibility: the "serving cell" mentioned in the report is not the one in the options — but the options list 3267220_2, 3279943_1, etc.

But in the evidence, the neighbor is 3267220_966 — so it should be a cell with ID 3267220.

But options use 3267220_2 and 3267220_966 is not listed.

So we cannot apply C5 or C7 because the cell is not in the options.

But the report suggests: "Adjust handover thresholds for inter-frequency A5" — and only C5 and C7 are that type.

But neither cell matches.

However, perhaps the cell 3267220_2 is meant to be 3267220_966? Or perhaps it's a different cell.

Let’s look at the other options.

C1: Add neighbor relationship between 3267220_2 and 3279943_1 — not related.

The report says: "The serving cell (3239249_166) has a strong inter-frequency neighbor (3267220_966)" — so the neighbor exists.

So no need to add neighbor.

C4: Check test server — explicitly excluded.

C9: Modify PdcchOccupiedSymbolNum — not relevant, already correct.

C8: Press down tilt of 3279943_1 — not mentioned.

C15: Lift tilt of 3279943_1 — not relevant.

C19: Adjust azimuth of 3267220_2 by 24 degrees — azimuth already matched (67°), so not needed.

The report says: "The azimuth of the serving cell (67°) matches the neighbor's (67°), so no azimuth misalignment."

So no need to adjust.

But the tilt: serving cell has mechanical downtilt 3°, digital tilt 11° — total 14° down. Neighbor has unknown tilt.

But no indication of tilt issue.

But the RSRP gap is small, indicating close overlap, but not due to tilt mismatch.

The only valid action is to adjust A5 thresholds.

But no option for cell 3267220_966.

But C7: Decrease CovInterFreqA2RsrpThld and CovInterFreqA5RsrpThld1 thresholds for 3267220_2 — this is the only option that matches the action.

But is 3267220_2 the same as 3267220_966? Possibly a typo in the ID.

Alternatively, perhaps the cell ID in the option is wrong, but we must go by the text.

The report says the neighbor is 3267220_966, but perhaps the option intends 3267220_2.

But that's a stretch.

Another possibility: the action is to adjust thresholds on the neighbor, and option C5 and C7 are for 3279943_1 and 3267220_2.

But 3279943_1 is not mentioned.

Wait, the report says the serving cell is 3239249_166, and neighbor is 3267220_966.

But none of the options have 3239249 or 3267220_966.

This is a problem.

But the only actions that align with the diagnosis are adjusting A5 thresholds.

C5 and C7 are for that.

C7 is for 3267220_2 — which is in the same range as 3267220_966.

Possibly, it's a typo, and 3267220_2 is meant to be the neighbor.

Otherwise, no option matches.

But we must select from given.

C4 is "Check test server and transmission issues" — but report says it's excluded.

C20: Insufficient data — but the report has clear diagnosis.

The report says: "the A5 threshold is not suitable... triggering thresholds are not aligned with timely handover" — so clear diagnosis.

So C20 is not valid.

The only viable options are C5 and C7, both for threshold adjustment.

But which cell?

The report says the serving cell is 3239249_166 — but no option for that.

The neighbor is 3267220_966 — and the options have 3267220_2.

Perhaps 3267220_2 is the neighbor.

And the threshold adjustment should be for the neighbor cell.

Option C7: Decrease CovInterFreqA2RsrpThld and CovInterFreqA5RsrpThld1 for 3267220_2 — matches the action.

Similarly, C5 is for 3279943_1 — not mentioned.

So only C7 is plausible.

But the action is to reduce the thresholds, so C7.

Is there another one?

C14: Decrease A3 Offset threshold for 3279943_1 — but not relevant.

C11: Increase A3 Offset — this would delay handover.

But current issue is that handover doesn't trigger — so decreasing threshold is better.

For A5, C7 is correct.

But the report mentions A3 offset is 2 (1 dB), but the main issue is A5 thresholds.

So A5 is the key.

Only C7 is for A5 and for a cell in the same range.

Also, C4 is excluded.

So only one option: C7.

But the task says "select two to four", but we may have only one valid.

However, rechecking: the report says "the A5 threshold for handover (A5RsrpThld1 = -105 dBm) is too high".

So we need to decrease it.

C7 is for 3267220_2 — likely the neighbor.

Perhaps there is another option.

C5 is for 3279943_1 — not relevant.

But wait: the report says "The serving cell (PCI 166) has a strong inter-frequency neighbor (3267220_966)", so the serving cell is 3239249_166.

But no option for that cell.

However, in the options, C1 is: Add neighbor relationship between 3267220_2 and 3279943_1 — not relevant.

But the report says the neighbor is present, so no need to add.

So C1 is not needed.

Now, is there any other action?

The report mentions: "The gap in RSRP is very small (only 1.8 dB), indicating that the serving cell and neighbor are very close in coverage, possibly with overlapping beam patterns."

So perhaps the tilt or azimuth should be adjusted to improve separation.

But the report says: "The azimuth of the serving cell (67°) matches the neighbor's (67°), so no azimuth misalignment."

So azimuth is fine.

Tilt: serving cell has 3° mechanical ± 11° digital = 14° total.

But no data on neighbor's tilt.

The report doesn't suggest tilt issue.

But we have options: C8: Press down tilt of 3279943_1 by 4 degrees — not relevant.

C12: Press down tilt of 3267220_2 by 4 degrees — if 3267220_2 is the neighbor, then pressing down tilt would move the beam down, which may reduce overlap.

But current overlap is due to close RSRP and matching azimuth.

But the report says they are both at 67° azimuth, so overlapping.

If we press down the tilt of the neighbor (3267220_2), it may reduce overlap.

Similarly, C13: lift tilt — would move beam up, possibly increase overlap.

So press down tilt of neighbor might help.

C12: Press down the tilt angle of 3267220_2 by 4 degrees.

This is a candidate.

But is it supported?

The report says "overlapping beam patterns" and "small RSRP gap", suggesting coverage overlap.

Adjusting tilt to separate coverage might help.

But the primary issue is handover not triggering due to threshold.

However, the secondary is coverage overlap.

The evidence says: "This suggests the neighbor might be underutilized" — so likely, handover should have occurred, but didn't.

So the threshold is the main cause.

But to prevent future issues, tilt adjustment might help.

But the report doesn't recommend tilt adjustment.

The candidate action types include: "Adjust tilt/azimuth to improve coverage separation" — so it's a candidate.

But the report says no azimuth misalignment, so only tilt might be considered.

But is it the root cause?

No, the root cause is thresholds.

However, the task says "select two to four possible optimization solutions".

So we can include preventive or complementary actions.

But the most direct is threshold adjustment.

C7 is for 3267220_2 — likely the neighbor.

C12: press down tilt of 3267220_2 — may help separate coverage.

C8: press down tilt of 3279943_1 — not the neighbor.

C15: lift tilt of 3279943_1 — would make it worse.

So only C12 is possible.

But C12: press down tilt of 3267220_2 — if 3267220_2 is the neighbor, then yes.

C7 is more critical.

Also, C4 is excluded.

Another option: C19: adjust azimuth of 3267220_2 by 24 degrees — but the report says azimuth is matched (67°), so not needed.

C10: adjust azimuth of 3279943_1 — not relevant.

So only C7 and C12 are plausible.

C7: adjust A5 thresholds for the neighbor.

C12: press down tilt to reduce overlap.

Both are valid candidate actions.

C9: Modify PdcchOccupiedSymbolNum — not needed.

C4: excluded.

So perhaps C7 and C12.

But the report says the azimuth is matched, so no azimuth adjustment needed.

Tilt adjustment may help.

But is there a reason to think it's needed?

The report says the RSRP gap is small, indicating close coverage.

But without data on tilt, it's speculative.

However, the candidate action types include "Adjust tilt/azimuth to improve coverage separation" — so it's considered.

So likely C7 and C12 are options.

But C12 is for 3267220_2, which is the neighbor.

So if we assume that 3267220_2 is the intended cell for the neighbor 3267220_966, then both actions apply.

Otherwise, no.

But we have to go with available options.

Alternatively, only C7 is directly supported.

But let's see option C5: for 3279943_1 — not mentioned.

C7 is for 3267220_2 — likely the neighbor.

And C12 is to press down its tilt.

Yes.

Another one: C14: Decrease A3 Offset threshold — but that would make A3 more sensitive, which could trigger earlier, but the main issue is A5.

The report focuses on A5.

But A3 offset is set to 2 (1 dB), which is high, but not the main issue.

The A5 threshold is the primary cause.

So C7 is more important.

But C12 might be secondary.

Perhaps only one.

But the task allows two to four.

Let's see if there's another.

C8: press down tilt of 3279943_1 — not the neighbor.

C13: lift tilt of 3267220_2 — that would make overlap worse.

C15: lift tilt of 3279943_1 — not the neighbor.

So only C12.

Or C12 and C7.

But in the options, C5 is also for threshold adjustment.

C5 is for 3279943_1 — but the report doesn't mention that cell.

So not.

So only C7.

But let's check the cell ID in C7: "3267220_2" — and the report has "3267220_966" — so different ID, but perhaps a typo in the test.

Otherwise, no valid option?

But that can't be.

Perhaps the "serving cell" 3239249_166 has a neighbor 3267220_966, but the options have 3267220_2 — so maybe it's a different cell.

But then no option matches.

Unless we consider that the threshold adjustment should be for the neighbor, and C7 is the only one with that action.

Similarly, in the evidence, it says " the serving cell (3239249_166) has a strong inter-frequency neighbor (3267220_966)" — and the options have 3267220_2 — so difference in ID.

But perhaps in the actual network, 3267220_2 is the one.

Otherwise, the only available threshold-adjusting option is C7.

Moreover, C4 is excluded.

Another possibility: C5 is for 3279943_1, which is not mentioned.

But wait, in the options, C4: "Check test server and transmission issues" — report says it's excluded.

But in the report, "Throughput dropped from 393.59 Mbps to 25.61 Mbps within 5 seconds" and "recovered quickly after degradation window" — so likely not a server issue.

So C4 is not valid.

C20: Insufficient data — but evidence is clear, so not.

So only C7 and possibly C12.

But let's look at the evidence: "The gap in RSRP is very small (only 1.81 dB), indicating that the serving cell and neighbor are very close in coverage, possibly with overlapping beam patterns."

So coverage overlap is present.

Adjusting tilt to separate coverage could help.

And C12: Press down the tilt angle of 3267220_2 by 4 degrees — if this cell is the neighbor, then it's a viable option.

Similarly, C7: Adjust thresholds.

So two actions.

C4 is out.

C9: modify PdcchOccupiedSymbolNum to 2SYM — but report says it's 1SYM, correct for high load, but not relevant.

So not.

So best candidates are C7 and C12.

Thus, \boxed{C7|C12}

But is C12 correct? Press down tilt.

Press down the tilt would make the beam go down, which might reduce overlap if both cells are too broad.

But the serving cell has 14 degrees tilt, which is already downward.

If we press down the neighbor's tilt, it might reduce overlap.

Yes.

So two actions.

Alternatively, only C7.

But the task says "select two to four", so if we can find two, do.

Another option: C14: Decrease A3 Offset threshold — but for 3279943_1, not relevant.

C11: increase — worse.

So not.

Thus, only C7 and C12 are plausible.

So final answer.

 \boxed{C7|C12}[0m

2026-07-08 22:22:09,357 - root - INFO - [95m
[Scenario: 08e221e5-3ed8-42ed-b7b3-0fd9dfd8d99e] Agent's answer is C7|C12, ground truth is C2|C8|C11|C16[0m.
2026-07-08 22:24:52,064 - root - INFO - [Tools API] GET /scenario/all params={}
2026-07-08 22:24:52,163 - root - INFO - [Scenario 08e221e5-3ed8-42ed-b7b3-0fd9dfd8d99e] attempt 1/1
2026-07-08 22:24:52,169 - root - INFO - [Tools API] GET /tools params={}
2026-07-08 22:24:52,170 - root - INFO - 
[Scenario: 08e221e5-3ed8-42ed-b7b3-0fd9dfd8d99e] Investigator round 1, calling tools:
2026-07-08 22:24:53,184 - httpx - INFO - HTTP Request: POST https://api.tokenfactory.nebius.com/v1/chat/completions "HTTP/1.1 200 OK"
2026-07-08 22:24:53,192 - root - INFO - [Request tool call chatcmpl-tool-aba89b59edbbff00] function get_throughput_logs()
2026-07-08 22:24:53,192 - root - INFO - [95m[Executing tool call chatcmpl-tool-aba89b59edbbff00] function get_throughput_logs()[0m
2026-07-08 22:24:53,208 - root - INFO - [Tools API] GET /throughput-logs params={}
2026-07-08 22:24:53,208 - root - INFO - [95m[Tool result] {"Logs": "Timestamp|5G KPI PCell Layer2 MAC DL Throughput [Mbps]\n2024-09-20 22:21:31.944|520.9\n2024-09-20 22:21:32.210|552.14\n2024-09-20 22:21:33.676|393.59\n2024-09-20 22:21:34.362|81.73\n2024-09-20 22:21:35.701|37.22\n2024-09-20 22:21:36.226|62.04\n2024-09-20 22:21:37.967|25.61\n2024-09-20 22:21:38.260|59.12\n2024-09-20 22:21:39.204|47.99\n2024-09-20 22:21:40.781|591.14\n2024-09-20 22:21:41.981|340.47\n2024-09-20 22:21:42.696|399.52\n"} [0m
2026-07-08 22:24:53,208 - root - INFO - 
[Scenario: 08e221e5-3ed8-42ed-b7b3-0fd9dfd8d99e] Investigator round 2, calling tools:
2026-07-08 22:24:54,013 - httpx - INFO - HTTP Request: POST https://api.tokenfactory.nebius.com/v1/chat/completions "HTTP/1.1 200 OK"
2026-07-08 22:24:54,014 - root - INFO - [Request tool call chatcmpl-tool-bc2441ac09ce3eaf] function get_serving_cell_pci(time=2024-09-20 22:21:35.701)
2026-07-08 22:24:54,014 - root - INFO - [95m[Executing tool call chatcmpl-tool-bc2441ac09ce3eaf] function get_serving_cell_pci(time=2024-09-20 22:21:35.701)[0m
2026-07-08 22:24:54,023 - root - INFO - [Tools API] GET /serving-cell-pci params={'time': '2024-09-20 22:21:35.701'}
2026-07-08 22:24:54,023 - root - INFO - [95m[Tool result] {"PCI": 166} [0m
2026-07-08 22:24:54,023 - root - INFO - 
[Scenario: 08e221e5-3ed8-42ed-b7b3-0fd9dfd8d99e] Investigator round 3, calling tools:
2026-07-08 22:24:55,037 - httpx - INFO - HTTP Request: POST https://api.tokenfactory.nebius.com/v1/chat/completions "HTTP/1.1 200 OK"
2026-07-08 22:24:55,038 - root - INFO - [Request tool call chatcmpl-tool-942e46c66779564b] function get_serving_cell_rsrp(time=2024-09-20 22:21:35.701)
2026-07-08 22:24:55,038 - root - INFO - [95m[Executing tool call chatcmpl-tool-942e46c66779564b] function get_serving_cell_rsrp(time=2024-09-20 22:21:35.701)[0m
2026-07-08 22:24:55,046 - root - INFO - [Tools API] GET /serving-cell-rsrp params={'time': '2024-09-20 22:21:35.701'}
2026-07-08 22:24:55,046 - root - INFO - [95m[Tool result] {"SS-RSRP (dBm)": -81.19} [0m
2026-07-08 22:24:55,046 - root - INFO - 
[Scenario: 08e221e5-3ed8-42ed-b7b3-0fd9dfd8d99e] Investigator round 4, calling tools:
2026-07-08 22:24:55,594 - httpx - INFO - HTTP Request: POST https://api.tokenfactory.nebius.com/v1/chat/completions "HTTP/1.1 200 OK"
2026-07-08 22:24:55,596 - root - INFO - [Request tool call chatcmpl-tool-a4aa8be2d7a4626d] function get_serving_cell_sinr(time=2024-09-20 22:21:35.701)
2026-07-08 22:24:55,597 - root - INFO - [95m[Executing tool call chatcmpl-tool-a4aa8be2d7a4626d] function get_serving_cell_sinr(time=2024-09-20 22:21:35.701)[0m
2026-07-08 22:24:55,613 - root - INFO - [Tools API] GET /serving-cell-sinr params={'time': '2024-09-20 22:21:35.701'}
2026-07-08 22:24:55,613 - root - INFO - [95m[Tool result] {"SS-SINR (dB)": 1.45} [0m
2026-07-08 22:24:55,613 - root - INFO - 
[Scenario: 08e221e5-3ed8-42ed-b7b3-0fd9dfd8d99e] Investigator round 5, calling tools:
2026-07-08 22:24:56,390 - httpx - INFO - HTTP Request: POST https://api.tokenfactory.nebius.com/v1/chat/completions "HTTP/1.1 200 OK"
2026-07-08 22:24:56,390 - root - INFO - [Request tool call chatcmpl-tool-aa741276c583cddd] function get_rbs_allocated_to_user(time=2024-09-20 22:21:35.701)
2026-07-08 22:24:56,390 - root - INFO - [95m[Executing tool call chatcmpl-tool-aa741276c583cddd] function get_rbs_allocated_to_user(time=2024-09-20 22:21:35.701)[0m
2026-07-08 22:24:56,398 - root - INFO - [Tools API] GET /rbs-allocated-to-user params={'time': '2024-09-20 22:21:35.701'}
2026-07-08 22:24:56,398 - root - INFO - [95m[Tool result] {"RBs": 270.0} [0m
2026-07-08 22:24:56,398 - root - INFO - 
[Scenario: 08e221e5-3ed8-42ed-b7b3-0fd9dfd8d99e] Investigator round 6, calling tools:
2026-07-08 22:24:57,190 - httpx - INFO - HTTP Request: POST https://api.tokenfactory.nebius.com/v1/chat/completions "HTTP/1.1 200 OK"
2026-07-08 22:24:57,191 - root - INFO - [Request tool call chatcmpl-tool-bf497b01645459ff] function get_neighboring_cells_pci(time=2024-09-20 22:21:35.701)
2026-07-08 22:24:57,191 - root - INFO - [95m[Executing tool call chatcmpl-tool-bf497b01645459ff] function get_neighboring_cells_pci(time=2024-09-20 22:21:35.701)[0m
2026-07-08 22:24:57,198 - root - INFO - [Tools API] GET /neighboring-cells-pci params={'time': '2024-09-20 22:21:35.701'}
2026-07-08 22:24:57,198 - root - INFO - [95m[Tool result] {"PCIs": [966, 420, 362]} [0m
2026-07-08 22:24:57,198 - root - INFO - 
[Scenario: 08e221e5-3ed8-42ed-b7b3-0fd9dfd8d99e] Investigator round 7, calling tools:
2026-07-08 22:24:58,109 - httpx - INFO - HTTP Request: POST https://api.tokenfactory.nebius.com/v1/chat/completions "HTTP/1.1 200 OK"
2026-07-08 22:24:58,110 - root - INFO - [Request tool call chatcmpl-tool-92744db1166110f9] function get_neighboring_cell_rsrp(time=2024-09-20 22:21:35.701, pci=966)
2026-07-08 22:24:58,110 - root - INFO - [95m[Executing tool call chatcmpl-tool-92744db1166110f9] function get_neighboring_cell_rsrp(time=2024-09-20 22:21:35.701, pci=966)[0m
2026-07-08 22:24:58,119 - root - INFO - [Tools API] GET /neighboring-cell-rsrp params={'time': '2024-09-20 22:21:35.701', 'pci': 966}
2026-07-08 22:24:58,119 - root - INFO - [95m[Tool result] {"Filtered Tx BRSRP [dBm]": -83.0} [0m
2026-07-08 22:24:58,119 - root - INFO - 
[Scenario: 08e221e5-3ed8-42ed-b7b3-0fd9dfd8d99e] Investigator round 8, calling tools:
2026-07-08 22:24:58,816 - httpx - INFO - HTTP Request: POST https://api.tokenfactory.nebius.com/v1/chat/completions "HTTP/1.1 200 OK"
2026-07-08 22:24:58,817 - root - INFO - [Request tool call chatcmpl-tool-98cbf363bb8ae17b] function get_neighboring_cell_rsrp(time=2024-09-20 22:21:35.701, pci=420)
2026-07-08 22:24:58,817 - root - INFO - [95m[Executing tool call chatcmpl-tool-98cbf363bb8ae17b] function get_neighboring_cell_rsrp(time=2024-09-20 22:21:35.701, pci=420)[0m
2026-07-08 22:24:58,825 - root - INFO - [Tools API] GET /neighboring-cell-rsrp params={'time': '2024-09-20 22:21:35.701', 'pci': 420}
2026-07-08 22:24:58,825 - root - INFO - [95m[Tool result] {"Filtered Tx BRSRP [dBm]": -85.0} [0m
2026-07-08 22:24:58,826 - root - INFO - 
[Scenario: 08e221e5-3ed8-42ed-b7b3-0fd9dfd8d99e] Investigator round 9, calling tools:
2026-07-08 22:24:59,645 - httpx - INFO - HTTP Request: POST https://api.tokenfactory.nebius.com/v1/chat/completions "HTTP/1.1 200 OK"
2026-07-08 22:24:59,646 - root - INFO - [Request tool call chatcmpl-tool-b05396988edec7ea] function get_neighboring_cell_rsrp(time=2024-09-20 22:21:35.701, pci=362)
2026-07-08 22:24:59,646 - root - INFO - [95m[Executing tool call chatcmpl-tool-b05396988edec7ea] function get_neighboring_cell_rsrp(time=2024-09-20 22:21:35.701, pci=362)[0m
2026-07-08 22:24:59,654 - root - INFO - [Tools API] GET /neighboring-cell-rsrp params={'time': '2024-09-20 22:21:35.701', 'pci': 362}
2026-07-08 22:24:59,654 - root - INFO - [95m[Tool result] {"Filtered Tx BRSRP [dBm]": -85.0} [0m
2026-07-08 22:24:59,654 - root - INFO - 
[Scenario: 08e221e5-3ed8-42ed-b7b3-0fd9dfd8d99e] Investigator round 10, calling tools:
2026-07-08 22:25:00,055 - httpx - INFO - HTTP Request: POST https://api.tokenfactory.nebius.com/v1/chat/completions "HTTP/1.1 200 OK"
2026-07-08 22:25:00,056 - root - INFO - [Request tool call chatcmpl-tool-b255aea1ae0bcf49] function get_cell_info(pci=166)
2026-07-08 22:25:00,056 - root - INFO - [95m[Executing tool call chatcmpl-tool-b255aea1ae0bcf49] function get_cell_info(pci=166)[0m
2026-07-08 22:25:00,061 - root - INFO - [Tools API] GET /cell-info params={'pci': 166}
2026-07-08 22:25:00,061 - root - INFO - [95m[Tool result] {"gNodeB ID": 3239249, "Cell ID": 3, "Longitude": 121.4713147472, "Latitude": 31.1447758717, "Mechanical Azimuth": 67, "Mechanical Downtilt": 3, "Digital Tilt": 11, "Height": 45.9, "Duplex Mode": "TDD", "PCI": 166, "Band": "n41", "DL ARFCN": 504990, "BW [MHz]": "100M", "TxRx Mode": "64T64R", "Transmission Power": 16, "ARFCN": 504990, "InterFreqHoEventType": "EVENT_A5", "CovInterFreqA2RsrpThld [dBm]": -105, "InterFreqA2Hyst [0.5dB]": 2, "CovInterFreqA5RsrpThld1 [dBm]": -105, "CovInterFreqA5RsrpThld2 [dBm]": -100, "IntraFreqHoA3Offset [0.5dB]": 2, "IntraFreqHoA3Hyst [0.5dB]": 2, "IntraFreqHoA3TimeToTrig": "ms320", "PCell Neighbor Cell (gNodeBID_ARFCN_PCI)": "[3279943_504990_420,3267220_504990_966,3239189_504990_362,3272070_504990_240]", "PdcchOccupiedSymbolNum": "1SYM", "Digital Azimuth": 0, "Max Transmit Power": 32, "notes": ""} [0m
2026-07-08 22:25:00,061 - root - INFO - 
[Scenario: 08e221e5-3ed8-42ed-b7b3-0fd9dfd8d99e] Investigator forcing structured evidence report:
2026-07-08 22:25:15,918 - httpx - INFO - HTTP Request: POST https://api.tokenfactory.nebius.com/v1/chat/completions "HTTP/1.1 200 OK"
2026-07-08 22:25:16,172 - httpx - INFO - HTTP Request: POST https://api.tokenfactory.nebius.com/v1/chat/completions "HTTP/1.1 200 OK"
2026-07-08 22:25:16,173 - root - INFO - [31;1m[Agent response] \boxed{C5|C6}[0m

2026-07-08 22:25:16,173 - root - INFO - [95m
[Scenario: 08e221e5-3ed8-42ed-b7b3-0fd9dfd8d99e] Agent's answer is C5|C6, ground truth is C2|C8|C11|C16[0m.
